// Jest Snapshot v1, https://goo.gl/fbAQLP

exports[`Ratings renders without crash 1`] = `
ShallowWrapper {
  Symbol(enzyme.__root__): [Circular],
  Symbol(enzyme.__unrendered__): <Ratings
    rating={0}
  />,
  Symbol(enzyme.__renderer__): Object {
    "batchedUpdates": [Function],
    "getNode": [Function],
    "render": [Function],
    "simulateError": [Function],
    "simulateEvent": [Function],
    "unmount": [Function],
  },
  Symbol(enzyme.__node__): Object {
    "instance": null,
    "key": undefined,
    "nodeType": "host",
    "props": Object {
      "children": Array [
        <span
          className="ratings__icon"
        >
          <SadIcon
            height="32"
            viewBox="0 0 32 32"
            width="32"
          />
        </span>,
        null,
      ],
      "className": "ratings",
    },
    "ref": null,
    "rendered": Array [
      Object {
        "instance": null,
        "key": undefined,
        "nodeType": "host",
        "props": Object {
          "children": Array [
            <SadIcon
              height="32"
              viewBox="0 0 32 32"
              width="32"
            />,
            false,
            false,
            false,
            false,
          ],
          "className": "ratings__icon",
        },
        "ref": null,
        "rendered": Array [
          Object {
            "instance": null,
            "key": undefined,
            "nodeType": "function",
            "props": Object {
              "fill": undefined,
              "height": "32",
              "viewBox": "0 0 32 32",
              "width": "32",
            },
            "ref": null,
            "rendered": null,
            "type": [Function],
          },
          false,
          false,
          false,
          false,
        ],
        "type": "span",
      },
      null,
    ],
    "type": "div",
  },
  Symbol(enzyme.__nodes__): Array [
    Object {
      "instance": null,
      "key": undefined,
      "nodeType": "host",
      "props": Object {
        "children": Array [
          <span
            className="ratings__icon"
          >
            <SadIcon
              height="32"
              viewBox="0 0 32 32"
              width="32"
            />
          </span>,
          null,
        ],
        "className": "ratings",
      },
      "ref": null,
      "rendered": Array [
        Object {
          "instance": null,
          "key": undefined,
          "nodeType": "host",
          "props": Object {
            "children": Array [
              <SadIcon
                height="32"
                viewBox="0 0 32 32"
                width="32"
              />,
              false,
              false,
              false,
              false,
            ],
            "className": "ratings__icon",
          },
          "ref": null,
          "rendered": Array [
            Object {
              "instance": null,
              "key": undefined,
              "nodeType": "function",
              "props": Object {
                "fill": undefined,
                "height": "32",
                "viewBox": "0 0 32 32",
                "width": "32",
              },
              "ref": null,
              "rendered": null,
              "type": [Function],
            },
            false,
            false,
            false,
            false,
          ],
          "type": "span",
        },
        null,
      ],
      "type": "div",
    },
  ],
  Symbol(enzyme.__options__): Object {
    "adapter": ReactSixteenAdapter {
      "options": Object {
        "enableComponentDidUpdateOnSetState": true,
        "lifecycles": Object {
          "componentDidUpdate": Object {
            "onSetState": true,
          },
          "getDerivedStateFromProps": true,
          "getSnapshotBeforeUpdate": true,
          "setState": Object {
            "skipsComponentDidUpdateOnNullish": true,
          },
        },
      },
    },
  },
}
`;
